******************************************************************************
                  TI ARM Linker PC v16.9.6                     
******************************************************************************
>> Linked Mon Nov 04 15:25:04 2019

OUTPUT FILE NAME:   <LightWeightMessagingKernel.out>
ENTRY POINT SYMBOL: "_c_int00"  address: 00000c91


MEMORY CONFIGURATION

         name            origin    length      used     unused   attr    fill
----------------------  --------  ---------  --------  --------  ----  --------
  FLASH                 00000000   00100000  00000e94  000ff16c  R  X
  SRAM                  20000000   00040000  00000ecc  0003f134  RW X


SEGMENT ALLOCATION MAP

run origin  load origin   length   init length attrs members
----------  ----------- ---------- ----------- ----- -------
00000000    00000000    00000e98   00000e98    r-x
  00000000    00000000    00000208   00000208    r-- .intvecs
  00000208    00000208    00000c38   00000c38    r-x .text
  00000e40    00000e40    0000000c   0000000c    r-- .const
  00000e50    00000e50    00000048   00000048    r-- .cinit
20000000    20000000    00000ed0   00000000    rw-
  20000000    20000000    00000c94   00000000    rw- .bss
  20000c94    20000c94    00000200   00000000    rw- .stack
  20000e94    20000e94    00000030   00000000    rw- .data
  20000ec8    20000ec8    00000008   00000000    rw- .sysmem


SECTION ALLOCATION MAP

 output                                  attributes/
section   page    origin      length       input sections
--------  ----  ----------  ----------   ----------------
.intvecs   0    00000000    00000208     
                  00000000    00000208     tm4c1294ncpdt_startup_ccs.obj (.intvecs)

.text      0    00000208    00000c38     
                  00000208    000003d0     rtsv7M4_T_le_v4SPD16_eabi.lib : memory.obj (.text)
                  000005d8    00000360     SVC.obj (.text)
                  00000938    00000114     Messages.obj (.text)
                  00000a4c    0000009c     rtsv7M4_T_le_v4SPD16_eabi.lib : memcpy_t2.obj (.text)
                  00000ae8    0000007a                                   : memset_t2.obj (.text)
                  00000b62    00000002                                   : mpu_init.obj (.text)
                  00000b64    00000070                                   : autoinit.obj (.text)
                  00000bd4    00000068                                   : copy_decompress_lzss.obj (.text:decompress:lzss)
                  00000c3c    00000054     Process.obj (.text)
                  00000c90    00000054     rtsv7M4_T_le_v4SPD16_eabi.lib : boot.obj (.text)
                  00000ce4    00000054                                   : exit.obj (.text)
                  00000d38    0000004c                                   : cpy_tbl.obj (.text)
                  00000d84    00000038     SYSTICK.obj (.text)
                  00000dbc    0000002c     main.obj (.text)
                  00000de8    00000018     rtsv7M4_T_le_v4SPD16_eabi.lib : args_main.obj (.text)
                  00000e00    00000014                                   : _lock.obj (.text)
                  00000e14    0000000e                                   : copy_decompress_none.obj (.text:decompress:none)
                  00000e22    0000000c                                   : copy_zero_init.obj (.text:decompress:ZI)
                  00000e2e    0000000c     tm4c1294ncpdt_startup_ccs.obj (.text)
                  00000e3a    00000004     rtsv7M4_T_le_v4SPD16_eabi.lib : pre_init.obj (.text)
                  00000e3e    00000002                                   : startup.obj (.text)

.const     0    00000e40    0000000c     
                  00000e40    0000000c     Messages.obj (.const:$P$T0$1)

.cinit     0    00000e50    00000048     
                  00000e50    0000001d     (.cinit..data.load) [load image, compression = lzss]
                  00000e6d    00000003     --HOLE-- [fill = 0]
                  00000e70    0000000c     (__TI_handler_table)
                  00000e7c    00000004     --HOLE-- [fill = 0]
                  00000e80    00000008     (.cinit..bss.load) [load image, compression = zero_init]
                  00000e88    00000010     (__TI_cinit_table)

.init_array 
*          0    00000000    00000000     UNINITIALIZED

.bss       0    20000000    00000c94     UNINITIALIZED
                  20000000    00000c80     (.common:Mailbox)
                  20000c80    00000014     SVC.obj (.bss:waitingToRun)

.stack     0    20000c94    00000200     UNINITIALIZED
                  20000c94    00000200     --HOLE--

.data      0    20000e94    00000030     UNINITIALIZED
                  20000e94    0000000c     rtsv7M4_T_le_v4SPD16_eabi.lib : exit.obj (.data:$O1$$)
                  20000ea0    0000000c                                   : memory.obj (.data:$O1$$)
                  20000eac    00000008                                   : _lock.obj (.data:$O1$$)
                  20000eb4    00000008     SVC.obj (.data)
                  20000ebc    00000004     main.obj (.data)
                  20000ec0    00000004     rtsv7M4_T_le_v4SPD16_eabi.lib : stkdepth_vars.obj (.data)

.sysmem    0    20000ec8    00000008     UNINITIALIZED
                  20000ec8    00000008     rtsv7M4_T_le_v4SPD16_eabi.lib : memory.obj (.sysmem)

MODULE SUMMARY

       Module                          code   ro data   rw data
       ------                          ----   -------   -------
    .\
       KernelCall.obj                  0      0         3200   
       SVC.obj                         864    0         28     
       tm4c1294ncpdt_startup_ccs.obj   12     520       0      
       Messages.obj                    276    12        0      
       Process.obj                     84     0         0      
       SYSTICK.obj                     56     0         0      
       main.obj                        44     0         4      
    +--+-------------------------------+------+---------+---------+
       Total:                          1336   532       3232   
                                                               
    C:\ti\ccsv7\tools\compiler\ti-cgt-arm_16.9.6.LTS\lib\rtsv7M4_T_le_v4SPD16_eabi.lib
       memory.obj                      976    0         12     
       memcpy_t2.obj                   156    0         0      
       memset_t2.obj                   122    0         0      
       autoinit.obj                    112    0         0      
       copy_decompress_lzss.obj        104    0         0      
       exit.obj                        84     0         12     
       boot.obj                        84     0         0      
       cpy_tbl.obj                     76     0         0      
       _lock.obj                       20     0         8      
       args_main.obj                   24     0         0      
       copy_decompress_none.obj        14     0         0      
       copy_zero_init.obj              12     0         0      
       pre_init.obj                    4      0         0      
       stkdepth_vars.obj               0      0         4      
       mpu_init.obj                    2      0         0      
       startup.obj                     2      0         0      
    +--+-------------------------------+------+---------+---------+
       Total:                          1792   0         36     
                                                               
       Heap:                           0      0         8      
       Stack:                          0      0         512    
       Linker Generated:               0      65        0      
    +--+-------------------------------+------+---------+---------+
       Grand Total:                    3128   597       3788   


LINKER GENERATED COPY TABLES

__TI_cinit_table @ 00000e88 records: 2, size/record: 8, table size: 16
	.data: load addr=00000e50, load size=0000001d bytes, run addr=20000e94, run size=00000030 bytes, compression=lzss
	.bss: load addr=00000e80, load size=00000008 bytes, run addr=20000000, run size=00000c94 bytes, compression=zero_init


LINKER GENERATED HANDLER TABLE

__TI_handler_table @ 00000e70 records: 3, size/record: 4, table size: 12
	index: 0, handler: __TI_decompress_lzss
	index: 1, handler: __TI_decompress_none
	index: 2, handler: __TI_zero_init


GLOBAL SYMBOLS: SORTED ALPHABETICALLY BY Name 

address   name                           
-------   ----                           
00000ce5  C$$EXIT                        
00000833  KernelRecvMessage              
000007bd  KernelSendMessage              
20000000  Mailbox                        
00000e2f  ResetISR                       
UNDEFED   SHT$$INIT_ARRAY$$Base          
UNDEFED   SHT$$INIT_ARRAY$$Limit         
00000873  SVCHandler                     
00000783  SVCall                         
00000da1  SYSTICKHandler                 
20000e94  __STACK_END                    
00000200  __STACK_SIZE                   
20000e94  __STACK_TOP                    
00000008  __SYSMEM_SIZE                  
00000e88  __TI_CINIT_Base                
00000e98  __TI_CINIT_Limit               
00000e70  __TI_Handler_Table_Base        
00000e7c  __TI_Handler_Table_Limit       
00000b65  __TI_auto_init                 
20000e94  __TI_cleanup_ptr               
00000bd5  __TI_decompress_lzss           
00000e15  __TI_decompress_none           
20000e98  __TI_dtors_ptr                 
20000e9c  __TI_enable_exit_profile_output
ffffffff  __TI_pprof_out_hndl            
ffffffff  __TI_prof_data_size            
ffffffff  __TI_prof_data_start           
00000000  __TI_static_base__             
00000e23  __TI_zero_init                 
00000ae9  __aeabi_memclr                 
00000ae9  __aeabi_memclr4                
00000ae9  __aeabi_memclr8                
00000a4d  __aeabi_memcpy                 
00000a4d  __aeabi_memcpy4                
00000a4d  __aeabi_memcpy8                
00000aeb  __aeabi_memset                 
00000aeb  __aeabi_memset4                
00000aeb  __aeabi_memset8                
ffffffff  __binit__                      
ffffffff  __c_args__                     
00000b63  __mpu_init                     
20000c94  __stack                        
00000de9  _args_main                     
00000c91  _c_int00                       
20000eac  _lock                          
00000e0f  _nop                           
00000e07  _register_lock                 
00000e01  _register_unlock               
20000ec8  _sys_memory                    
00000e3f  _system_post_cinit             
00000e3b  _system_pre_init               
20000eb0  _unlock                        
00000ce9  abort                          
00000635  addPCB                         
ffffffff  binit                          
000005a9  calloc                         
00000d39  copy_in                        
00000737  decrementPriority              
000009af  dequeueMessage                 
00000939  enqueueMessage                 
00000cf1  exit                           
000002f3  free                           
00000000  g_pfnVectors                   
00000c47  get_MSP                        
00000c3d  get_PSP                        
00000c89  get_SP                         
00000d85  initSYSTICK                    
00000755  initpendSV                     
00000dc5  main                           
20000ec0  main_func_sp                   
00000289  malloc                         
000004bd  memalign                       
00000a4d  memcpy                         
00000af1  memset                         
00000209  minit                          
00000761  pendSV                         
20000ebc  process                        
00000dbd  processOne                     
000003b3  realloc                        
000005d9  registerProcess                
000006af  removePCB                      
00000c7b  restore_registers              
00000c6d  save_registers                 
00000c5f  set_MSP                        
00000c51  set_PSP                        


GLOBAL SYMBOLS: SORTED BY Symbol Address 

address   name                           
-------   ----                           
00000000  __TI_static_base__             
00000000  g_pfnVectors                   
00000008  __SYSMEM_SIZE                  
00000200  __STACK_SIZE                   
00000209  minit                          
00000289  malloc                         
000002f3  free                           
000003b3  realloc                        
000004bd  memalign                       
000005a9  calloc                         
000005d9  registerProcess                
00000635  addPCB                         
000006af  removePCB                      
00000737  decrementPriority              
00000755  initpendSV                     
00000761  pendSV                         
00000783  SVCall                         
000007bd  KernelSendMessage              
00000833  KernelRecvMessage              
00000873  SVCHandler                     
00000939  enqueueMessage                 
000009af  dequeueMessage                 
00000a4d  __aeabi_memcpy                 
00000a4d  __aeabi_memcpy4                
00000a4d  __aeabi_memcpy8                
00000a4d  memcpy                         
00000ae9  __aeabi_memclr                 
00000ae9  __aeabi_memclr4                
00000ae9  __aeabi_memclr8                
00000aeb  __aeabi_memset                 
00000aeb  __aeabi_memset4                
00000aeb  __aeabi_memset8                
00000af1  memset                         
00000b63  __mpu_init                     
00000b65  __TI_auto_init                 
00000bd5  __TI_decompress_lzss           
00000c3d  get_PSP                        
00000c47  get_MSP                        
00000c51  set_PSP                        
00000c5f  set_MSP                        
00000c6d  save_registers                 
00000c7b  restore_registers              
00000c89  get_SP                         
00000c91  _c_int00                       
00000ce5  C$$EXIT                        
00000ce9  abort                          
00000cf1  exit                           
00000d39  copy_in                        
00000d85  initSYSTICK                    
00000da1  SYSTICKHandler                 
00000dbd  processOne                     
00000dc5  main                           
00000de9  _args_main                     
00000e01  _register_unlock               
00000e07  _register_lock                 
00000e0f  _nop                           
00000e15  __TI_decompress_none           
00000e23  __TI_zero_init                 
00000e2f  ResetISR                       
00000e3b  _system_pre_init               
00000e3f  _system_post_cinit             
00000e70  __TI_Handler_Table_Base        
00000e7c  __TI_Handler_Table_Limit       
00000e88  __TI_CINIT_Base                
00000e98  __TI_CINIT_Limit               
20000000  Mailbox                        
20000c94  __stack                        
20000e94  __STACK_END                    
20000e94  __STACK_TOP                    
20000e94  __TI_cleanup_ptr               
20000e98  __TI_dtors_ptr                 
20000e9c  __TI_enable_exit_profile_output
20000eac  _lock                          
20000eb0  _unlock                        
20000ebc  process                        
20000ec0  main_func_sp                   
20000ec8  _sys_memory                    
ffffffff  __TI_pprof_out_hndl            
ffffffff  __TI_prof_data_size            
ffffffff  __TI_prof_data_start           
ffffffff  __binit__                      
ffffffff  __c_args__                     
ffffffff  binit                          
UNDEFED   SHT$$INIT_ARRAY$$Base          
UNDEFED   SHT$$INIT_ARRAY$$Limit         

[85 symbols]
