******************************************************************************
                  TI ARM Linker PC v16.9.6                     
******************************************************************************
>> Linked Thu Nov 07 12:24:11 2019

OUTPUT FILE NAME:   <LightWeightMessagingKernel.out>
ENTRY POINT SYMBOL: "_c_int00"  address: 00000e41


MEMORY CONFIGURATION

         name            origin    length      used     unused   attr    fill
----------------------  --------  ---------  --------  --------  ----  --------
  FLASH                 00000000   00100000  00001012  000fefee  R  X
  SRAM                  20000000   00040000  000036c0  0003c940  RW X


SEGMENT ALLOCATION MAP

run origin  load origin   length   init length attrs members
----------  ----------- ---------- ----------- ----- -------
00000000    00000000    00001018   00001018    r-x
  00000000    00000000    00000208   00000208    r-- .intvecs
  00000208    00000208    00000dbe   00000dbe    r-x .text
  00000fc8    00000fc8    0000000c   0000000c    r-- .const
  00000fd8    00000fd8    00000040   00000040    r-- .cinit
20000000    20000000    000036c0   00000000    rw-
  20000000    20000000    00002800   00000000    rw- .sysmem
  20002800    20002800    00000c94   00000000    rw- .bss
  20003494    20003494    00000200   00000000    rw- .stack
  20003694    20003694    0000002c   00000000    rw- .data


SECTION ALLOCATION MAP

 output                                  attributes/
section   page    origin      length       input sections
--------  ----  ----------  ----------   ----------------
.intvecs   0    00000000    00000208     
                  00000000    00000208     tm4c1294ncpdt_startup_ccs.obj (.intvecs)

.text      0    00000208    00000dbe     
                  00000208    000003d0     rtsv7M4_T_le_v4SPD16_eabi.lib : memory.obj (.text)
                  000005d8    000003b8     SVC.obj (.text)
                  00000990    00000114     Messages.obj (.text)
                  00000aa4    000000ea     KernelCall.obj (.text)
                  00000b8e    0000009c     rtsv7M4_T_le_v4SPD16_eabi.lib : memcpy_t2.obj (.text)
                  00000c2a    0000007a                                   : memset_t2.obj (.text)
                  00000ca4    00000070     main.obj (.text)
                  00000d14    00000070     rtsv7M4_T_le_v4SPD16_eabi.lib : autoinit.obj (.text)
                  00000d84    00000068                                   : copy_decompress_lzss.obj (.text:decompress:lzss)
                  00000dec    00000054     Process.obj (.text)
                  00000e40    00000054     rtsv7M4_T_le_v4SPD16_eabi.lib : boot.obj (.text)
                  00000e94    00000054                                   : exit.obj (.text)
                  00000ee8    0000004c                                   : cpy_tbl.obj (.text)
                  00000f34    00000038     SYSTICK.obj (.text)
                  00000f6c    00000018     rtsv7M4_T_le_v4SPD16_eabi.lib : args_main.obj (.text)
                  00000f84    00000014                                   : _lock.obj (.text)
                  00000f98    0000000e                                   : copy_decompress_none.obj (.text:decompress:none)
                  00000fa6    0000000c                                   : copy_zero_init.obj (.text:decompress:ZI)
                  00000fb2    0000000c     tm4c1294ncpdt_startup_ccs.obj (.text)
                  00000fbe    00000004     rtsv7M4_T_le_v4SPD16_eabi.lib : pre_init.obj (.text)
                  00000fc2    00000002                                   : mpu_init.obj (.text)
                  00000fc4    00000002                                   : startup.obj (.text)

.const     0    00000fc8    0000000c     
                  00000fc8    0000000c     Messages.obj (.const:$P$T0$1)

.cinit     0    00000fd8    00000040     
                  00000fd8    00000019     (.cinit..data.load) [load image, compression = lzss]
                  00000ff1    00000003     --HOLE-- [fill = 0]
                  00000ff4    0000000c     (__TI_handler_table)
                  00001000    00000008     (.cinit..bss.load) [load image, compression = zero_init]
                  00001008    00000010     (__TI_cinit_table)

.init_array 
*          0    00000000    00000000     UNINITIALIZED

.sysmem    0    20000000    00002800     UNINITIALIZED
                  20000000    00000008     rtsv7M4_T_le_v4SPD16_eabi.lib : memory.obj (.sysmem)
                  20000008    000027f8     --HOLE--

.bss       0    20002800    00000c94     UNINITIALIZED
                  20002800    00000c80     (.common:Mailbox)
                  20003480    00000014     SVC.obj (.bss:waitingToRun)

.stack     0    20003494    00000200     UNINITIALIZED
                  20003494    00000200     --HOLE--

.data      0    20003694    0000002c     UNINITIALIZED
                  20003694    0000000c     rtsv7M4_T_le_v4SPD16_eabi.lib : exit.obj (.data:$O1$$)
                  200036a0    0000000c                                   : memory.obj (.data:$O1$$)
                  200036ac    00000008                                   : _lock.obj (.data:$O1$$)
                  200036b4    00000008     SVC.obj (.data)
                  200036bc    00000004     rtsv7M4_T_le_v4SPD16_eabi.lib : stkdepth_vars.obj (.data)

MODULE SUMMARY

       Module                          code   ro data   rw data
       ------                          ----   -------   -------
    .\
       KernelCall.obj                  234    0         3200   
       SVC.obj                         952    0         28     
       tm4c1294ncpdt_startup_ccs.obj   12     520       0      
       Messages.obj                    276    12        0      
       main.obj                        112    0         0      
       Process.obj                     84     0         0      
       SYSTICK.obj                     56     0         0      
    +--+-------------------------------+------+---------+---------+
       Total:                          1726   532       3228   
                                                               
    C:\ti\ccsv7\tools\compiler\ti-cgt-arm_16.9.6.LTS\lib\rtsv7M4_T_le_v4SPD16_eabi.lib
       memory.obj                      976    0         12     
       memcpy_t2.obj                   156    0         0      
       memset_t2.obj                   122    0         0      
       autoinit.obj                    112    0         0      
       copy_decompress_lzss.obj        104    0         0      
       exit.obj                        84     0         12     
       boot.obj                        84     0         0      
       cpy_tbl.obj                     76     0         0      
       _lock.obj                       20     0         8      
       args_main.obj                   24     0         0      
       copy_decompress_none.obj        14     0         0      
       copy_zero_init.obj              12     0         0      
       pre_init.obj                    4      0         0      
       stkdepth_vars.obj               0      0         4      
       mpu_init.obj                    2      0         0      
       startup.obj                     2      0         0      
    +--+-------------------------------+------+---------+---------+
       Total:                          1792   0         36     
                                                               
       Heap:                           0      0         10240  
       Stack:                          0      0         512    
       Linker Generated:               0      61        0      
    +--+-------------------------------+------+---------+---------+
       Grand Total:                    3518   593       14016  


LINKER GENERATED COPY TABLES

__TI_cinit_table @ 00001008 records: 2, size/record: 8, table size: 16
	.data: load addr=00000fd8, load size=00000019 bytes, run addr=20003694, run size=0000002c bytes, compression=lzss
	.bss: load addr=00001000, load size=00000008 bytes, run addr=20002800, run size=00000c94 bytes, compression=zero_init


LINKER GENERATED HANDLER TABLE

__TI_handler_table @ 00000ff4 records: 3, size/record: 4, table size: 12
	index: 0, handler: __TI_decompress_lzss
	index: 1, handler: __TI_decompress_none
	index: 2, handler: __TI_zero_init


GLOBAL SYMBOLS: SORTED ALPHABETICALLY BY Name 

address   name                           
-------   ----                           
00000e95  C$$EXIT                        
0000083f  KernelRecvMessage              
000007dd  KernelSendMessage              
20002800  Mailbox                        
00000ca7  Priority4Process1              
00000cbb  Priority4Process2              
00000fb3  ResetISR                       
UNDEFED   SHT$$INIT_ARRAY$$Base          
UNDEFED   SHT$$INIT_ARRAY$$Limit         
0000087d  SVCHandler                     
000007a3  SVCall                         
00000f51  SYSTICKHandler                 
20003694  __STACK_END                    
00000200  __STACK_SIZE                   
20003694  __STACK_TOP                    
00002800  __SYSMEM_SIZE                  
00001008  __TI_CINIT_Base                
00001018  __TI_CINIT_Limit               
00000ff4  __TI_Handler_Table_Base        
00001000  __TI_Handler_Table_Limit       
00000d15  __TI_auto_init                 
20003694  __TI_cleanup_ptr               
00000d85  __TI_decompress_lzss           
00000f99  __TI_decompress_none           
20003698  __TI_dtors_ptr                 
2000369c  __TI_enable_exit_profile_output
ffffffff  __TI_pprof_out_hndl            
ffffffff  __TI_prof_data_size            
ffffffff  __TI_prof_data_start           
00000000  __TI_static_base__             
00000fa7  __TI_zero_init                 
00000c2b  __aeabi_memclr                 
00000c2b  __aeabi_memclr4                
00000c2b  __aeabi_memclr8                
00000b8f  __aeabi_memcpy                 
00000b8f  __aeabi_memcpy4                
00000b8f  __aeabi_memcpy8                
00000c2d  __aeabi_memset                 
00000c2d  __aeabi_memset4                
00000c2d  __aeabi_memset8                
ffffffff  __binit__                      
ffffffff  __c_args__                     
00000fc3  __mpu_init                     
20003494  __stack                        
00000f6d  _args_main                     
00000e41  _c_int00                       
200036ac  _lock                          
00000f93  _nop                           
00000f8b  _register_lock                 
00000f85  _register_unlock               
20000000  _sys_memory                    
00000fc5  _system_post_cinit             
00000fbf  _system_pre_init               
200036b0  _unlock                        
00000e99  abort                          
0000062d  addPCB                         
00000aa5  assignR7                       
ffffffff  binit                          
000005a9  calloc                         
00000ee9  copy_in                        
00000737  decrementPriority              
00000a07  dequeueMessage                 
00000991  enqueueMessage                 
00000ea1  exit                           
000002f3  free                           
00000000  g_pfnVectors                   
00000df7  get_MSP                        
00000ded  get_PSP                        
00000e39  get_SP                         
00000ab1  getid                          
00000ca5  idleProcess                    
00000f35  initSYSTICK                    
00000755  initpendSV                     
00000cd9  main                           
200036bc  main_func_sp                   
00000289  malloc                         
000004bd  memalign                       
00000b8f  memcpy                         
00000c33  memset                         
00000209  minit                          
00000adf  nice                           
00000761  pendSV                         
000003b3  realloc                        
00000b4f  recvMessage                    
000005d9  registerProcess                
000006af  removePCB                      
00000e2b  restore_registers              
00000e1d  save_registers                 
00000b0f  sendMessage                    
00000e0f  set_MSP                        
00000e01  set_PSP                        
00000ac9  terminate                      


GLOBAL SYMBOLS: SORTED BY Symbol Address 

address   name                           
-------   ----                           
00000000  __TI_static_base__             
00000000  g_pfnVectors                   
00000200  __STACK_SIZE                   
00000209  minit                          
00000289  malloc                         
000002f3  free                           
000003b3  realloc                        
000004bd  memalign                       
000005a9  calloc                         
000005d9  registerProcess                
0000062d  addPCB                         
000006af  removePCB                      
00000737  decrementPriority              
00000755  initpendSV                     
00000761  pendSV                         
000007a3  SVCall                         
000007dd  KernelSendMessage              
0000083f  KernelRecvMessage              
0000087d  SVCHandler                     
00000991  enqueueMessage                 
00000a07  dequeueMessage                 
00000aa5  assignR7                       
00000ab1  getid                          
00000ac9  terminate                      
00000adf  nice                           
00000b0f  sendMessage                    
00000b4f  recvMessage                    
00000b8f  __aeabi_memcpy                 
00000b8f  __aeabi_memcpy4                
00000b8f  __aeabi_memcpy8                
00000b8f  memcpy                         
00000c2b  __aeabi_memclr                 
00000c2b  __aeabi_memclr4                
00000c2b  __aeabi_memclr8                
00000c2d  __aeabi_memset                 
00000c2d  __aeabi_memset4                
00000c2d  __aeabi_memset8                
00000c33  memset                         
00000ca5  idleProcess                    
00000ca7  Priority4Process1              
00000cbb  Priority4Process2              
00000cd9  main                           
00000d15  __TI_auto_init                 
00000d85  __TI_decompress_lzss           
00000ded  get_PSP                        
00000df7  get_MSP                        
00000e01  set_PSP                        
00000e0f  set_MSP                        
00000e1d  save_registers                 
00000e2b  restore_registers              
00000e39  get_SP                         
00000e41  _c_int00                       
00000e95  C$$EXIT                        
00000e99  abort                          
00000ea1  exit                           
00000ee9  copy_in                        
00000f35  initSYSTICK                    
00000f51  SYSTICKHandler                 
00000f6d  _args_main                     
00000f85  _register_unlock               
00000f8b  _register_lock                 
00000f93  _nop                           
00000f99  __TI_decompress_none           
00000fa7  __TI_zero_init                 
00000fb3  ResetISR                       
00000fbf  _system_pre_init               
00000fc3  __mpu_init                     
00000fc5  _system_post_cinit             
00000ff4  __TI_Handler_Table_Base        
00001000  __TI_Handler_Table_Limit       
00001008  __TI_CINIT_Base                
00001018  __TI_CINIT_Limit               
00002800  __SYSMEM_SIZE                  
20000000  _sys_memory                    
20002800  Mailbox                        
20003494  __stack                        
20003694  __STACK_END                    
20003694  __STACK_TOP                    
20003694  __TI_cleanup_ptr               
20003698  __TI_dtors_ptr                 
2000369c  __TI_enable_exit_profile_output
200036ac  _lock                          
200036b0  _unlock                        
200036bc  main_func_sp                   
ffffffff  __TI_pprof_out_hndl            
ffffffff  __TI_prof_data_size            
ffffffff  __TI_prof_data_start           
ffffffff  __binit__                      
ffffffff  __c_args__                     
ffffffff  binit                          
UNDEFED   SHT$$INIT_ARRAY$$Base          
UNDEFED   SHT$$INIT_ARRAY$$Limit         

[92 symbols]
