******************************************************************************
                  TI ARM Linker PC v16.9.6                     
******************************************************************************
>> Linked Tue Nov 12 16:23:22 2019

OUTPUT FILE NAME:   <LightWeightMessagingKernel.out>
ENTRY POINT SYMBOL: "_c_int00"  address: 000011ad


MEMORY CONFIGURATION

         name            origin    length      used     unused   attr    fill
----------------------  --------  ---------  --------  --------  ----  --------
  FLASH                 00000000   00100000  0000133a  000fecc6  R  X
  SRAM                  20000000   00040000  00002b09  0003d4f7  RW X


SEGMENT ALLOCATION MAP

run origin  load origin   length   init length attrs members
----------  ----------- ---------- ----------- ----- -------
00000000    00000000    00001340   00001340    r-x
  00000000    00000000    00000208   00000208    r-- .intvecs
  00000208    00000208    000010f2   000010f2    r-x .text
  00001300    00001300    00000040   00000040    r-- .cinit
20000000    20000000    00002b0c   00000000    rw-
  20000000    20000000    00002800   00000000    rw- .sysmem
  20002800    20002800    00000200   00000000    rw- .stack
  20002a00    20002a00    000000d5   00000000    rw- .bss
  20002ad8    20002ad8    00000034   00000000    rw- .data


SECTION ALLOCATION MAP

 output                                  attributes/
section   page    origin      length       input sections
--------  ----  ----------  ----------   ----------------
.intvecs   0    00000000    00000208     
                  00000000    00000208     tm4c1294ncpdt_startup_ccs.obj (.intvecs)

.text      0    00000208    000010f2     
                  00000208    000003d0     rtsv7M4_T_le_v4SPD16_eabi.lib : memory.obj (.text)
                  000005d8    0000037c     SVC.obj (.text)
                  00000954    00000308     Messages.obj (.text)
                  00000c5c    00000164     UART.obj (.text)
                  00000dc0    000000de     KernelCall.obj (.text)
                  00000e9e    0000009c     rtsv7M4_T_le_v4SPD16_eabi.lib : memcpy_t2.obj (.text)
                  00000f3a    0000007a                                   : memset_t2.obj (.text)
                  00000fb4    00000070     main.obj (.text)
                  00001024    00000070     rtsv7M4_T_le_v4SPD16_eabi.lib : autoinit.obj (.text)
                  00001094    00000068                                   : copy_decompress_lzss.obj (.text:decompress:lzss)
                  000010fc    0000005c     SYSTICK.obj (.text)
                  00001158    00000054     Process.obj (.text)
                  000011ac    00000054     rtsv7M4_T_le_v4SPD16_eabi.lib : boot.obj (.text)
                  00001200    00000054                                   : exit.obj (.text)
                  00001254    0000004c                                   : cpy_tbl.obj (.text)
                  000012a0    00000018                                   : args_main.obj (.text)
                  000012b8    00000014                                   : _lock.obj (.text)
                  000012cc    0000000e                                   : copy_decompress_none.obj (.text:decompress:none)
                  000012da    0000000c                                   : copy_zero_init.obj (.text:decompress:ZI)
                  000012e6    0000000c     tm4c1294ncpdt_startup_ccs.obj (.text)
                  000012f2    00000004     rtsv7M4_T_le_v4SPD16_eabi.lib : pre_init.obj (.text)
                  000012f6    00000002                                   : mpu_init.obj (.text)
                  000012f8    00000002                                   : startup.obj (.text)

.cinit     0    00001300    00000040     
                  00001300    00000019     (.cinit..data.load) [load image, compression = lzss]
                  00001319    00000003     --HOLE-- [fill = 0]
                  0000131c    0000000c     (__TI_handler_table)
                  00001328    00000008     (.cinit..bss.load) [load image, compression = zero_init]
                  00001330    00000010     (__TI_cinit_table)

.init_array 
*          0    00000000    00000000     UNINITIALIZED

.sysmem    0    20000000    00002800     UNINITIALIZED
                  20000000    00000008     rtsv7M4_T_le_v4SPD16_eabi.lib : memory.obj (.sysmem)
                  20000008    000027f8     --HOLE--

.stack     0    20002800    00000200     UNINITIALIZED
                  20002800    00000200     --HOLE--

.bss       0    20002a00    000000d5     UNINITIALIZED
                  20002a00    000000c0     Messages.obj (.bss:mailboxList)
                  20002ac0    00000014     SVC.obj (.bss:waitingToRun)
                  20002ad4    00000001     UART.obj (.bss)

.data      0    20002ad8    00000034     UNINITIALIZED
                  20002ad8    0000000c     rtsv7M4_T_le_v4SPD16_eabi.lib : exit.obj (.data:$O1$$)
                  20002ae4    0000000c                                   : memory.obj (.data:$O1$$)
                  20002af0    00000008                                   : _lock.obj (.data:$O1$$)
                  20002af8    00000008     SVC.obj (.data)
                  20002b00    00000004     Messages.obj (.data)
                  20002b04    00000004     UART.obj (.data)
                  20002b08    00000004     rtsv7M4_T_le_v4SPD16_eabi.lib : stkdepth_vars.obj (.data)

MODULE SUMMARY

       Module                          code   ro data   rw data
       ------                          ----   -------   -------
    .\
       Messages.obj                    776    0         196    
       SVC.obj                         892    0         28     
       tm4c1294ncpdt_startup_ccs.obj   12     520       0      
       UART.obj                        356    0         5      
       KernelCall.obj                  222    0         0      
       main.obj                        112    0         0      
       SYSTICK.obj                     92     0         0      
       Process.obj                     84     0         0      
    +--+-------------------------------+------+---------+---------+
       Total:                          2546   520       229    
                                                               
    C:\ti\ccsv7\tools\compiler\ti-cgt-arm_16.9.6.LTS\lib\rtsv7M4_T_le_v4SPD16_eabi.lib
       memory.obj                      976    0         12     
       memcpy_t2.obj                   156    0         0      
       memset_t2.obj                   122    0         0      
       autoinit.obj                    112    0         0      
       copy_decompress_lzss.obj        104    0         0      
       exit.obj                        84     0         12     
       boot.obj                        84     0         0      
       cpy_tbl.obj                     76     0         0      
       _lock.obj                       20     0         8      
       args_main.obj                   24     0         0      
       copy_decompress_none.obj        14     0         0      
       copy_zero_init.obj              12     0         0      
       pre_init.obj                    4      0         0      
       stkdepth_vars.obj               0      0         4      
       mpu_init.obj                    2      0         0      
       startup.obj                     2      0         0      
    +--+-------------------------------+------+---------+---------+
       Total:                          1792   0         36     
                                                               
       Heap:                           0      0         10240  
       Stack:                          0      0         512    
       Linker Generated:               0      61        0      
    +--+-------------------------------+------+---------+---------+
       Grand Total:                    4338   581       11017  


LINKER GENERATED COPY TABLES

__TI_cinit_table @ 00001330 records: 2, size/record: 8, table size: 16
	.data: load addr=00001300, load size=00000019 bytes, run addr=20002ad8, run size=00000034 bytes, compression=lzss
	.bss: load addr=00001328, load size=00000008 bytes, run addr=20002a00, run size=000000d5 bytes, compression=zero_init


LINKER GENERATED HANDLER TABLE

__TI_handler_table @ 0000131c records: 3, size/record: 4, table size: 12
	index: 0, handler: __TI_decompress_lzss
	index: 1, handler: __TI_decompress_none
	index: 2, handler: __TI_zero_init


GLOBAL SYMBOLS: SORTED ALPHABETICALLY BY Name 

address   name                           
-------   ----                           
00001201  C$$EXIT                        
00000cdf  InterruptEnable                
00000fb7  Priority4Process1              
00000fc1  Priority4Process2              
000012e7  ResetISR                       
UNDEFED   SHT$$INIT_ARRAY$$Base          
UNDEFED   SHT$$INIT_ARRAY$$Limit         
000007fd  SVCHandler                     
000007bd  SVCall                         
0000113f  SYSTICKHandler                 
00001133  SysTickIntDisable              
00001127  SysTickIntEnable               
00001115  SysTickPeriod                  
000010fd  SysTickStart                   
00001109  SysTickStop                    
00000c81  UART0_Init                     
00000d0f  UART0_IntEnable                
00000d3f  UART0_IntHandler               
20002a00  __STACK_END                    
00000200  __STACK_SIZE                   
20002a00  __STACK_TOP                    
00002800  __SYSMEM_SIZE                  
00001330  __TI_CINIT_Base                
00001340  __TI_CINIT_Limit               
0000131c  __TI_Handler_Table_Base        
00001328  __TI_Handler_Table_Limit       
00001025  __TI_auto_init                 
20002ad8  __TI_cleanup_ptr               
00001095  __TI_decompress_lzss           
000012cd  __TI_decompress_none           
20002adc  __TI_dtors_ptr                 
20002ae0  __TI_enable_exit_profile_output
ffffffff  __TI_pprof_out_hndl            
ffffffff  __TI_prof_data_size            
ffffffff  __TI_prof_data_start           
00000000  __TI_static_base__             
000012db  __TI_zero_init                 
00000f3b  __aeabi_memclr                 
00000f3b  __aeabi_memclr4                
00000f3b  __aeabi_memclr8                
00000e9f  __aeabi_memcpy                 
00000e9f  __aeabi_memcpy4                
00000e9f  __aeabi_memcpy8                
00000f3d  __aeabi_memset                 
00000f3d  __aeabi_memset4                
00000f3d  __aeabi_memset8                
ffffffff  __binit__                      
ffffffff  __c_args__                     
000012f7  __mpu_init                     
20002800  __stack                        
000012a1  _args_main                     
000011ad  _c_int00                       
20002af0  _lock                          
000012c7  _nop                           
000012bf  _register_lock                 
000012b9  _register_unlock               
20000000  _sys_memory                    
000012f9  _system_post_cinit             
000012f3  _system_pre_init               
20002af4  _unlock                        
00001205  abort                          
00000641  addPCB                         
00000955  addToPool                      
00000dc1  assignR7                       
ffffffff  binit                          
000005a9  calloc                         
00001255  copy_in                        
00000c79  dataRecieved                   
0000074b  decrementPriority              
0000120d  exit                           
00000d23  forceOutput                    
000002f3  free                           
00000000  g_pfnVectors                   
00000c5d  getDataRegister                
000005d9  getRunningPCB                  
00001163  get_MSP                        
00001159  get_PSP                        
000011a5  get_SP                         
00000ded  getid                          
00000fb5  idleProcess                    
00000987  initMessagePool                
0000076b  initpendSV                     
00000b29  kernelReceive                  
000009ab  kernelSend                     
00000fcb  main                           
20002b08  main_func_sp                   
00000289  malloc                         
000004bd  memalign                       
00000e9f  memcpy                         
00000f43  memset                         
00000209  minit                          
00000e1b  nice                           
00000777  pendSV                         
00000dcd  procKernelCall                 
000003b3  realloc                        
00000e75  recvMessage                    
000005e5  registerProcess                
000006c3  removePCB                      
00001197  restore_registers              
0000096d  retrieveFromPool               
00001189  save_registers                 
00000e4b  sendMessage                    
0000117b  set_MSP                        
0000116d  set_PSP                        
00000e05  terminate                      


GLOBAL SYMBOLS: SORTED BY Symbol Address 

address   name                           
-------   ----                           
00000000  __TI_static_base__             
00000000  g_pfnVectors                   
00000200  __STACK_SIZE                   
00000209  minit                          
00000289  malloc                         
000002f3  free                           
000003b3  realloc                        
000004bd  memalign                       
000005a9  calloc                         
000005d9  getRunningPCB                  
000005e5  registerProcess                
00000641  addPCB                         
000006c3  removePCB                      
0000074b  decrementPriority              
0000076b  initpendSV                     
00000777  pendSV                         
000007bd  SVCall                         
000007fd  SVCHandler                     
00000955  addToPool                      
0000096d  retrieveFromPool               
00000987  initMessagePool                
000009ab  kernelSend                     
00000b29  kernelReceive                  
00000c5d  getDataRegister                
00000c79  dataRecieved                   
00000c81  UART0_Init                     
00000cdf  InterruptEnable                
00000d0f  UART0_IntEnable                
00000d23  forceOutput                    
00000d3f  UART0_IntHandler               
00000dc1  assignR7                       
00000dcd  procKernelCall                 
00000ded  getid                          
00000e05  terminate                      
00000e1b  nice                           
00000e4b  sendMessage                    
00000e75  recvMessage                    
00000e9f  __aeabi_memcpy                 
00000e9f  __aeabi_memcpy4                
00000e9f  __aeabi_memcpy8                
00000e9f  memcpy                         
00000f3b  __aeabi_memclr                 
00000f3b  __aeabi_memclr4                
00000f3b  __aeabi_memclr8                
00000f3d  __aeabi_memset                 
00000f3d  __aeabi_memset4                
00000f3d  __aeabi_memset8                
00000f43  memset                         
00000fb5  idleProcess                    
00000fb7  Priority4Process1              
00000fc1  Priority4Process2              
00000fcb  main                           
00001025  __TI_auto_init                 
00001095  __TI_decompress_lzss           
000010fd  SysTickStart                   
00001109  SysTickStop                    
00001115  SysTickPeriod                  
00001127  SysTickIntEnable               
00001133  SysTickIntDisable              
0000113f  SYSTICKHandler                 
00001159  get_PSP                        
00001163  get_MSP                        
0000116d  set_PSP                        
0000117b  set_MSP                        
00001189  save_registers                 
00001197  restore_registers              
000011a5  get_SP                         
000011ad  _c_int00                       
00001201  C$$EXIT                        
00001205  abort                          
0000120d  exit                           
00001255  copy_in                        
000012a1  _args_main                     
000012b9  _register_unlock               
000012bf  _register_lock                 
000012c7  _nop                           
000012cd  __TI_decompress_none           
000012db  __TI_zero_init                 
000012e7  ResetISR                       
000012f3  _system_pre_init               
000012f7  __mpu_init                     
000012f9  _system_post_cinit             
0000131c  __TI_Handler_Table_Base        
00001328  __TI_Handler_Table_Limit       
00001330  __TI_CINIT_Base                
00001340  __TI_CINIT_Limit               
00002800  __SYSMEM_SIZE                  
20000000  _sys_memory                    
20002800  __stack                        
20002a00  __STACK_END                    
20002a00  __STACK_TOP                    
20002ad8  __TI_cleanup_ptr               
20002adc  __TI_dtors_ptr                 
20002ae0  __TI_enable_exit_profile_output
20002af0  _lock                          
20002af4  _unlock                        
20002b08  main_func_sp                   
ffffffff  __TI_pprof_out_hndl            
ffffffff  __TI_prof_data_size            
ffffffff  __TI_prof_data_start           
ffffffff  __binit__                      
ffffffff  __c_args__                     
ffffffff  binit                          
UNDEFED   SHT$$INIT_ARRAY$$Base          
UNDEFED   SHT$$INIT_ARRAY$$Limit         

[105 symbols]
