******************************************************************************
                  TI ARM Linker PC v16.9.6                     
******************************************************************************
>> Linked Tue Nov 05 16:09:30 2019

OUTPUT FILE NAME:   <LightWeightMessagingKernel.out>
ENTRY POINT SYMBOL: "_c_int00"  address: 00000df9


MEMORY CONFIGURATION

         name            origin    length      used     unused   attr    fill
----------------------  --------  ---------  --------  --------  ----  --------
  FLASH                 00000000   00100000  00000fca  000ff036  R  X
  SRAM                  20000000   00040000  000036c0  0003c940  RW X


SEGMENT ALLOCATION MAP

run origin  load origin   length   init length attrs members
----------  ----------- ---------- ----------- ----- -------
00000000    00000000    00000fd0   00000fd0    r-x
  00000000    00000000    00000208   00000208    r-- .intvecs
  00000208    00000208    00000d76   00000d76    r-x .text
  00000f80    00000f80    0000000c   0000000c    r-- .const
  00000f90    00000f90    00000040   00000040    r-- .cinit
20000000    20000000    000036c0   00000000    rw-
  20000000    20000000    00002800   00000000    rw- .sysmem
  20002800    20002800    00000c94   00000000    rw- .bss
  20003494    20003494    00000200   00000000    rw- .stack
  20003694    20003694    0000002c   00000000    rw- .data


SECTION ALLOCATION MAP

 output                                  attributes/
section   page    origin      length       input sections
--------  ----  ----------  ----------   ----------------
.intvecs   0    00000000    00000208     
                  00000000    00000208     tm4c1294ncpdt_startup_ccs.obj (.intvecs)

.text      0    00000208    00000d76     
                  00000208    000003d0     rtsv7M4_T_le_v4SPD16_eabi.lib : memory.obj (.text)
                  000005d8    00000380     SVC.obj (.text)
                  00000958    00000114     Messages.obj (.text)
                  00000a6c    000000ea     KernelCall.obj (.text)
                  00000b56    0000009c     rtsv7M4_T_le_v4SPD16_eabi.lib : memcpy_t2.obj (.text)
                  00000bf2    0000007a                                   : memset_t2.obj (.text)
                  00000c6c    00000070                                   : autoinit.obj (.text)
                  00000cdc    00000068                                   : copy_decompress_lzss.obj (.text:decompress:lzss)
                  00000d44    00000060     main.obj (.text)
                  00000da4    00000054     Process.obj (.text)
                  00000df8    00000054     rtsv7M4_T_le_v4SPD16_eabi.lib : boot.obj (.text)
                  00000e4c    00000054                                   : exit.obj (.text)
                  00000ea0    0000004c                                   : cpy_tbl.obj (.text)
                  00000eec    00000038     SYSTICK.obj (.text)
                  00000f24    00000018     rtsv7M4_T_le_v4SPD16_eabi.lib : args_main.obj (.text)
                  00000f3c    00000014                                   : _lock.obj (.text)
                  00000f50    0000000e                                   : copy_decompress_none.obj (.text:decompress:none)
                  00000f5e    0000000c                                   : copy_zero_init.obj (.text:decompress:ZI)
                  00000f6a    0000000c     tm4c1294ncpdt_startup_ccs.obj (.text)
                  00000f76    00000004     rtsv7M4_T_le_v4SPD16_eabi.lib : pre_init.obj (.text)
                  00000f7a    00000002                                   : mpu_init.obj (.text)
                  00000f7c    00000002                                   : startup.obj (.text)

.const     0    00000f80    0000000c     
                  00000f80    0000000c     Messages.obj (.const:$P$T0$1)

.cinit     0    00000f90    00000040     
                  00000f90    00000019     (.cinit..data.load) [load image, compression = lzss]
                  00000fa9    00000003     --HOLE-- [fill = 0]
                  00000fac    0000000c     (__TI_handler_table)
                  00000fb8    00000008     (.cinit..bss.load) [load image, compression = zero_init]
                  00000fc0    00000010     (__TI_cinit_table)

.init_array 
*          0    00000000    00000000     UNINITIALIZED

.sysmem    0    20000000    00002800     UNINITIALIZED
                  20000000    00000008     rtsv7M4_T_le_v4SPD16_eabi.lib : memory.obj (.sysmem)
                  20000008    000027f8     --HOLE--

.bss       0    20002800    00000c94     UNINITIALIZED
                  20002800    00000c80     (.common:Mailbox)
                  20003480    00000014     SVC.obj (.bss:waitingToRun)

.stack     0    20003494    00000200     UNINITIALIZED
                  20003494    00000200     --HOLE--

.data      0    20003694    0000002c     UNINITIALIZED
                  20003694    0000000c     rtsv7M4_T_le_v4SPD16_eabi.lib : exit.obj (.data:$O1$$)
                  200036a0    0000000c                                   : memory.obj (.data:$O1$$)
                  200036ac    00000008                                   : _lock.obj (.data:$O1$$)
                  200036b4    00000008     SVC.obj (.data)
                  200036bc    00000004     rtsv7M4_T_le_v4SPD16_eabi.lib : stkdepth_vars.obj (.data)

MODULE SUMMARY

       Module                          code   ro data   rw data
       ------                          ----   -------   -------
    .\
       KernelCall.obj                  234    0         3200   
       SVC.obj                         896    0         28     
       tm4c1294ncpdt_startup_ccs.obj   12     520       0      
       Messages.obj                    276    12        0      
       main.obj                        96     0         0      
       Process.obj                     84     0         0      
       SYSTICK.obj                     56     0         0      
    +--+-------------------------------+------+---------+---------+
       Total:                          1654   532       3228   
                                                               
    C:\ti\ccsv7\tools\compiler\ti-cgt-arm_16.9.6.LTS\lib\rtsv7M4_T_le_v4SPD16_eabi.lib
       memory.obj                      976    0         12     
       memcpy_t2.obj                   156    0         0      
       memset_t2.obj                   122    0         0      
       autoinit.obj                    112    0         0      
       copy_decompress_lzss.obj        104    0         0      
       exit.obj                        84     0         12     
       boot.obj                        84     0         0      
       cpy_tbl.obj                     76     0         0      
       _lock.obj                       20     0         8      
       args_main.obj                   24     0         0      
       copy_decompress_none.obj        14     0         0      
       copy_zero_init.obj              12     0         0      
       pre_init.obj                    4      0         0      
       stkdepth_vars.obj               0      0         4      
       mpu_init.obj                    2      0         0      
       startup.obj                     2      0         0      
    +--+-------------------------------+------+---------+---------+
       Total:                          1792   0         36     
                                                               
       Heap:                           0      0         10240  
       Stack:                          0      0         512    
       Linker Generated:               0      61        0      
    +--+-------------------------------+------+---------+---------+
       Grand Total:                    3446   593       14016  


LINKER GENERATED COPY TABLES

__TI_cinit_table @ 00000fc0 records: 2, size/record: 8, table size: 16
	.data: load addr=00000f90, load size=00000019 bytes, run addr=20003694, run size=0000002c bytes, compression=lzss
	.bss: load addr=00000fb8, load size=00000008 bytes, run addr=20002800, run size=00000c94 bytes, compression=zero_init


LINKER GENERATED HANDLER TABLE

__TI_handler_table @ 00000fac records: 3, size/record: 4, table size: 12
	index: 0, handler: __TI_decompress_lzss
	index: 1, handler: __TI_decompress_none
	index: 2, handler: __TI_zero_init


GLOBAL SYMBOLS: SORTED ALPHABETICALLY BY Name 

address   name                           
-------   ----                           
00000e4d  C$$EXIT                        
00000823  KernelRecvMessage              
000007c1  KernelSendMessage              
20002800  Mailbox                        
00000d47  Priority4Process1              
00000d5b  Priority4Process2              
00000f6b  ResetISR                       
UNDEFED   SHT$$INIT_ARRAY$$Base          
UNDEFED   SHT$$INIT_ARRAY$$Limit         
0000085b  SVCHandler                     
00000787  SVCall                         
00000f09  SYSTICKHandler                 
20003694  __STACK_END                    
00000200  __STACK_SIZE                   
20003694  __STACK_TOP                    
00002800  __SYSMEM_SIZE                  
00000fc0  __TI_CINIT_Base                
00000fd0  __TI_CINIT_Limit               
00000fac  __TI_Handler_Table_Base        
00000fb8  __TI_Handler_Table_Limit       
00000c6d  __TI_auto_init                 
20003694  __TI_cleanup_ptr               
00000cdd  __TI_decompress_lzss           
00000f51  __TI_decompress_none           
20003698  __TI_dtors_ptr                 
2000369c  __TI_enable_exit_profile_output
ffffffff  __TI_pprof_out_hndl            
ffffffff  __TI_prof_data_size            
ffffffff  __TI_prof_data_start           
00000000  __TI_static_base__             
00000f5f  __TI_zero_init                 
00000bf3  __aeabi_memclr                 
00000bf3  __aeabi_memclr4                
00000bf3  __aeabi_memclr8                
00000b57  __aeabi_memcpy                 
00000b57  __aeabi_memcpy4                
00000b57  __aeabi_memcpy8                
00000bf5  __aeabi_memset                 
00000bf5  __aeabi_memset4                
00000bf5  __aeabi_memset8                
ffffffff  __binit__                      
ffffffff  __c_args__                     
00000f7b  __mpu_init                     
20003494  __stack                        
00000f25  _args_main                     
00000df9  _c_int00                       
200036ac  _lock                          
00000f4b  _nop                           
00000f43  _register_lock                 
00000f3d  _register_unlock               
20000000  _sys_memory                    
00000f7d  _system_post_cinit             
00000f77  _system_pre_init               
200036b0  _unlock                        
00000e51  abort                          
0000062f  addPCB                         
00000a6d  assignR7                       
ffffffff  binit                          
000005a9  calloc                         
00000ea1  copy_in                        
0000071b  decrementPriority              
000009cf  dequeueMessage                 
00000959  enqueueMessage                 
00000e59  exit                           
000002f3  free                           
00000000  g_pfnVectors                   
00000daf  get_MSP                        
00000da5  get_PSP                        
00000df1  get_SP                         
00000a79  getid                          
00000d45  idleProcess                    
00000eed  initSYSTICK                    
00000739  initpendSV                     
00000d6b  main                           
200036bc  main_func_sp                   
00000289  malloc                         
000004bd  memalign                       
00000b57  memcpy                         
00000bfb  memset                         
00000209  minit                          
00000aa7  nice                           
00000745  pendSV                         
000003b3  realloc                        
00000b17  recvMessage                    
000005d9  registerProcess                
000006a9  removePCB                      
00000de3  restore_registers              
00000dd5  save_registers                 
00000ad7  sendMessage                    
00000dc7  set_MSP                        
00000db9  set_PSP                        
00000a91  terminate                      


GLOBAL SYMBOLS: SORTED BY Symbol Address 

address   name                           
-------   ----                           
00000000  __TI_static_base__             
00000000  g_pfnVectors                   
00000200  __STACK_SIZE                   
00000209  minit                          
00000289  malloc                         
000002f3  free                           
000003b3  realloc                        
000004bd  memalign                       
000005a9  calloc                         
000005d9  registerProcess                
0000062f  addPCB                         
000006a9  removePCB                      
0000071b  decrementPriority              
00000739  initpendSV                     
00000745  pendSV                         
00000787  SVCall                         
000007c1  KernelSendMessage              
00000823  KernelRecvMessage              
0000085b  SVCHandler                     
00000959  enqueueMessage                 
000009cf  dequeueMessage                 
00000a6d  assignR7                       
00000a79  getid                          
00000a91  terminate                      
00000aa7  nice                           
00000ad7  sendMessage                    
00000b17  recvMessage                    
00000b57  __aeabi_memcpy                 
00000b57  __aeabi_memcpy4                
00000b57  __aeabi_memcpy8                
00000b57  memcpy                         
00000bf3  __aeabi_memclr                 
00000bf3  __aeabi_memclr4                
00000bf3  __aeabi_memclr8                
00000bf5  __aeabi_memset                 
00000bf5  __aeabi_memset4                
00000bf5  __aeabi_memset8                
00000bfb  memset                         
00000c6d  __TI_auto_init                 
00000cdd  __TI_decompress_lzss           
00000d45  idleProcess                    
00000d47  Priority4Process1              
00000d5b  Priority4Process2              
00000d6b  main                           
00000da5  get_PSP                        
00000daf  get_MSP                        
00000db9  set_PSP                        
00000dc7  set_MSP                        
00000dd5  save_registers                 
00000de3  restore_registers              
00000df1  get_SP                         
00000df9  _c_int00                       
00000e4d  C$$EXIT                        
00000e51  abort                          
00000e59  exit                           
00000ea1  copy_in                        
00000eed  initSYSTICK                    
00000f09  SYSTICKHandler                 
00000f25  _args_main                     
00000f3d  _register_unlock               
00000f43  _register_lock                 
00000f4b  _nop                           
00000f51  __TI_decompress_none           
00000f5f  __TI_zero_init                 
00000f6b  ResetISR                       
00000f77  _system_pre_init               
00000f7b  __mpu_init                     
00000f7d  _system_post_cinit             
00000fac  __TI_Handler_Table_Base        
00000fb8  __TI_Handler_Table_Limit       
00000fc0  __TI_CINIT_Base                
00000fd0  __TI_CINIT_Limit               
00002800  __SYSMEM_SIZE                  
20000000  _sys_memory                    
20002800  Mailbox                        
20003494  __stack                        
20003694  __STACK_END                    
20003694  __STACK_TOP                    
20003694  __TI_cleanup_ptr               
20003698  __TI_dtors_ptr                 
2000369c  __TI_enable_exit_profile_output
200036ac  _lock                          
200036b0  _unlock                        
200036bc  main_func_sp                   
ffffffff  __TI_pprof_out_hndl            
ffffffff  __TI_prof_data_size            
ffffffff  __TI_prof_data_start           
ffffffff  __binit__                      
ffffffff  __c_args__                     
ffffffff  binit                          
UNDEFED   SHT$$INIT_ARRAY$$Base          
UNDEFED   SHT$$INIT_ARRAY$$Limit         

[92 symbols]
