******************************************************************************
                  TI ARM Linker PC v16.9.6                     
******************************************************************************
>> Linked Wed Nov 13 16:13:18 2019

OUTPUT FILE NAME:   <LightWeightMessagingKernel.out>
ENTRY POINT SYMBOL: "_c_int00"  address: 00001301


MEMORY CONFIGURATION

         name            origin    length      used     unused   attr    fill
----------------------  --------  ---------  --------  --------  ----  --------
  FLASH                 00000000   00100000  0000148e  000feb72  R  X
  SRAM                  20000000   00040000  00002b09  0003d4f7  RW X


SEGMENT ALLOCATION MAP

run origin  load origin   length   init length attrs members
----------  ----------- ---------- ----------- ----- -------
00000000    00000000    00001490   00001490    r-x
  00000000    00000000    00000208   00000208    r-- .intvecs
  00000208    00000208    00001246   00001246    r-x .text
  00001450    00001450    00000040   00000040    r-- .cinit
20000000    20000000    00002b0c   00000000    rw-
  20000000    20000000    00002800   00000000    rw- .sysmem
  20002800    20002800    00000200   00000000    rw- .stack
  20002a00    20002a00    000000d5   00000000    rw- .bss
  20002ad8    20002ad8    00000034   00000000    rw- .data


SECTION ALLOCATION MAP

 output                                  attributes/
section   page    origin      length       input sections
--------  ----  ----------  ----------   ----------------
.intvecs   0    00000000    00000208     
                  00000000    00000208     tm4c1294ncpdt_startup_ccs.obj (.intvecs)

.text      0    00000208    00001246     
                  00000208    000003d8     SVC.obj (.text)
                  000005e0    000003d0     rtsv7M4_T_le_v4SPD16_eabi.lib : memory.obj (.text)
                  000009b0    00000308     Messages.obj (.text)
                  00000cb8    00000168     main.obj (.text)
                  00000e20    00000164     UART.obj (.text)
                  00000f84    000000de     KernelCall.obj (.text)
                  00001062    0000009c     rtsv7M4_T_le_v4SPD16_eabi.lib : memcpy_t2.obj (.text)
                  000010fe    0000007a                                   : memset_t2.obj (.text)
                  00001178    00000070                                   : autoinit.obj (.text)
                  000011e8    00000068                                   : copy_decompress_lzss.obj (.text:decompress:lzss)
                  00001250    0000005c     SYSTICK.obj (.text)
                  000012ac    00000054     Process.obj (.text)
                  00001300    00000054     rtsv7M4_T_le_v4SPD16_eabi.lib : boot.obj (.text)
                  00001354    00000054                                   : exit.obj (.text)
                  000013a8    0000004c                                   : cpy_tbl.obj (.text)
                  000013f4    00000018                                   : args_main.obj (.text)
                  0000140c    00000014                                   : _lock.obj (.text)
                  00001420    0000000e                                   : copy_decompress_none.obj (.text:decompress:none)
                  0000142e    0000000c                                   : copy_zero_init.obj (.text:decompress:ZI)
                  0000143a    0000000c     tm4c1294ncpdt_startup_ccs.obj (.text)
                  00001446    00000004     rtsv7M4_T_le_v4SPD16_eabi.lib : pre_init.obj (.text)
                  0000144a    00000002                                   : mpu_init.obj (.text)
                  0000144c    00000002                                   : startup.obj (.text)

.cinit     0    00001450    00000040     
                  00001450    00000019     (.cinit..data.load) [load image, compression = lzss]
                  00001469    00000003     --HOLE-- [fill = 0]
                  0000146c    0000000c     (__TI_handler_table)
                  00001478    00000008     (.cinit..bss.load) [load image, compression = zero_init]
                  00001480    00000010     (__TI_cinit_table)

.init_array 
*          0    00000000    00000000     UNINITIALIZED

.sysmem    0    20000000    00002800     UNINITIALIZED
                  20000000    00000008     rtsv7M4_T_le_v4SPD16_eabi.lib : memory.obj (.sysmem)
                  20000008    000027f8     --HOLE--

.stack     0    20002800    00000200     UNINITIALIZED
                  20002800    00000200     --HOLE--

.bss       0    20002a00    000000d5     UNINITIALIZED
                  20002a00    000000c0     Messages.obj (.bss:mailboxList)
                  20002ac0    00000014     SVC.obj (.bss:waitingToRun)
                  20002ad4    00000001     UART.obj (.bss)

.data      0    20002ad8    00000034     UNINITIALIZED
                  20002ad8    0000000c     rtsv7M4_T_le_v4SPD16_eabi.lib : exit.obj (.data:$O1$$)
                  20002ae4    0000000c                                   : memory.obj (.data:$O1$$)
                  20002af0    00000008                                   : _lock.obj (.data:$O1$$)
                  20002af8    00000008     SVC.obj (.data)
                  20002b00    00000004     Messages.obj (.data)
                  20002b04    00000004     UART.obj (.data)
                  20002b08    00000004     rtsv7M4_T_le_v4SPD16_eabi.lib : stkdepth_vars.obj (.data)

MODULE SUMMARY

       Module                          code   ro data   rw data
       ------                          ----   -------   -------
    .\
       SVC.obj                         984    0         28     
       Messages.obj                    776    0         196    
       tm4c1294ncpdt_startup_ccs.obj   12     520       0      
       UART.obj                        356    0         5      
       main.obj                        360    0         0      
       KernelCall.obj                  222    0         0      
       SYSTICK.obj                     92     0         0      
       Process.obj                     84     0         0      
    +--+-------------------------------+------+---------+---------+
       Total:                          2886   520       229    
                                                               
    C:\ti\ccsv7\tools\compiler\ti-cgt-arm_16.9.6.LTS\lib\rtsv7M4_T_le_v4SPD16_eabi.lib
       memory.obj                      976    0         12     
       memcpy_t2.obj                   156    0         0      
       memset_t2.obj                   122    0         0      
       autoinit.obj                    112    0         0      
       copy_decompress_lzss.obj        104    0         0      
       exit.obj                        84     0         12     
       boot.obj                        84     0         0      
       cpy_tbl.obj                     76     0         0      
       _lock.obj                       20     0         8      
       args_main.obj                   24     0         0      
       copy_decompress_none.obj        14     0         0      
       copy_zero_init.obj              12     0         0      
       pre_init.obj                    4      0         0      
       stkdepth_vars.obj               0      0         4      
       mpu_init.obj                    2      0         0      
       startup.obj                     2      0         0      
    +--+-------------------------------+------+---------+---------+
       Total:                          1792   0         36     
                                                               
       Heap:                           0      0         10240  
       Stack:                          0      0         512    
       Linker Generated:               0      61        0      
    +--+-------------------------------+------+---------+---------+
       Grand Total:                    4678   581       11017  


LINKER GENERATED COPY TABLES

__TI_cinit_table @ 00001480 records: 2, size/record: 8, table size: 16
	.data: load addr=00001450, load size=00000019 bytes, run addr=20002ad8, run size=00000034 bytes, compression=lzss
	.bss: load addr=00001478, load size=00000008 bytes, run addr=20002a00, run size=000000d5 bytes, compression=zero_init


LINKER GENERATED HANDLER TABLE

__TI_handler_table @ 0000146c records: 3, size/record: 4, table size: 12
	index: 0, handler: __TI_decompress_lzss
	index: 1, handler: __TI_decompress_none
	index: 2, handler: __TI_zero_init


GLOBAL SYMBOLS: SORTED ALPHABETICALLY BY Name 

address   name                           
-------   ----                           
00001355  C$$EXIT                        
00000ea3  InterruptEnable                
00000cbb  Priority4Process1              
00000d5d  Priority4Process2              
0000143b  ResetISR                       
UNDEFED   SHT$$INIT_ARRAY$$Base          
UNDEFED   SHT$$INIT_ARRAY$$Limit         
00000495  SVCHandler                     
0000044d  SVCall                         
00001293  SYSTICKHandler                 
00001287  SysTickIntDisable              
0000127b  SysTickIntEnable               
00001269  SysTickPeriod                  
00001251  SysTickStart                   
0000125d  SysTickStop                    
00000e45  UART0_Init                     
00000ed3  UART0_IntEnable                
00000f03  UART0_IntHandler               
20002a00  __STACK_END                    
00000200  __STACK_SIZE                   
20002a00  __STACK_TOP                    
00002800  __SYSMEM_SIZE                  
00001480  __TI_CINIT_Base                
00001490  __TI_CINIT_Limit               
0000146c  __TI_Handler_Table_Base        
00001478  __TI_Handler_Table_Limit       
00001179  __TI_auto_init                 
20002ad8  __TI_cleanup_ptr               
000011e9  __TI_decompress_lzss           
00001421  __TI_decompress_none           
20002adc  __TI_dtors_ptr                 
20002ae0  __TI_enable_exit_profile_output
ffffffff  __TI_pprof_out_hndl            
ffffffff  __TI_prof_data_size            
ffffffff  __TI_prof_data_start           
00000000  __TI_static_base__             
0000142f  __TI_zero_init                 
000010ff  __aeabi_memclr                 
000010ff  __aeabi_memclr4                
000010ff  __aeabi_memclr8                
00001063  __aeabi_memcpy                 
00001063  __aeabi_memcpy4                
00001063  __aeabi_memcpy8                
00001101  __aeabi_memset                 
00001101  __aeabi_memset4                
00001101  __aeabi_memset8                
ffffffff  __binit__                      
ffffffff  __c_args__                     
0000144b  __mpu_init                     
20002800  __stack                        
000013f5  _args_main                     
00001301  _c_int00                       
20002af0  _lock                          
0000141b  _nop                           
00001413  _register_lock                 
0000140d  _register_unlock               
20000000  _sys_memory                    
0000144d  _system_post_cinit             
00001447  _system_pre_init               
20002af4  _unlock                        
00001359  abort                          
000002d1  addPCB                         
000009b1  addToPool                      
00000f85  assignR7                       
ffffffff  binit                          
00000981  calloc                         
000013a9  copy_in                        
00000e3d  dataRecieved                   
000003db  decrementPriority              
00001361  exit                           
00000ee7  forceOutput                    
000006cb  free                           
00000000  g_pfnVectors                   
00000e21  getDataRegister                
00000209  getRunningPCB                  
000012b7  get_MSP                        
000012ad  get_PSP                        
000012f9  get_SP                         
00000fb1  getid                          
00000cb9  idleProcess                    
000009e3  initMessagePool                
000003fb  initpendSV                     
00000b85  kernelReceive                  
00000a07  kernelSend                     
00000d99  main                           
20002b08  main_func_sp                   
00000661  malloc                         
00000895  memalign                       
00001063  memcpy                         
00001107  memset                         
000005e1  minit                          
00000fdf  nice                           
00000407  pendSV                         
00000f91  procKernelCall                 
0000078b  realloc                        
00001039  recvMessage                    
00000215  registerProcess                
00000353  removePCB                      
000012eb  restore_registers              
000009c9  retrieveFromPool               
000012dd  save_registers                 
0000100f  sendMessage                    
000012cf  set_MSP                        
000012c1  set_PSP                        
00000fc9  terminate                      


GLOBAL SYMBOLS: SORTED BY Symbol Address 

address   name                           
-------   ----                           
00000000  __TI_static_base__             
00000000  g_pfnVectors                   
00000200  __STACK_SIZE                   
00000209  getRunningPCB                  
00000215  registerProcess                
000002d1  addPCB                         
00000353  removePCB                      
000003db  decrementPriority              
000003fb  initpendSV                     
00000407  pendSV                         
0000044d  SVCall                         
00000495  SVCHandler                     
000005e1  minit                          
00000661  malloc                         
000006cb  free                           
0000078b  realloc                        
00000895  memalign                       
00000981  calloc                         
000009b1  addToPool                      
000009c9  retrieveFromPool               
000009e3  initMessagePool                
00000a07  kernelSend                     
00000b85  kernelReceive                  
00000cb9  idleProcess                    
00000cbb  Priority4Process1              
00000d5d  Priority4Process2              
00000d99  main                           
00000e21  getDataRegister                
00000e3d  dataRecieved                   
00000e45  UART0_Init                     
00000ea3  InterruptEnable                
00000ed3  UART0_IntEnable                
00000ee7  forceOutput                    
00000f03  UART0_IntHandler               
00000f85  assignR7                       
00000f91  procKernelCall                 
00000fb1  getid                          
00000fc9  terminate                      
00000fdf  nice                           
0000100f  sendMessage                    
00001039  recvMessage                    
00001063  __aeabi_memcpy                 
00001063  __aeabi_memcpy4                
00001063  __aeabi_memcpy8                
00001063  memcpy                         
000010ff  __aeabi_memclr                 
000010ff  __aeabi_memclr4                
000010ff  __aeabi_memclr8                
00001101  __aeabi_memset                 
00001101  __aeabi_memset4                
00001101  __aeabi_memset8                
00001107  memset                         
00001179  __TI_auto_init                 
000011e9  __TI_decompress_lzss           
00001251  SysTickStart                   
0000125d  SysTickStop                    
00001269  SysTickPeriod                  
0000127b  SysTickIntEnable               
00001287  SysTickIntDisable              
00001293  SYSTICKHandler                 
000012ad  get_PSP                        
000012b7  get_MSP                        
000012c1  set_PSP                        
000012cf  set_MSP                        
000012dd  save_registers                 
000012eb  restore_registers              
000012f9  get_SP                         
00001301  _c_int00                       
00001355  C$$EXIT                        
00001359  abort                          
00001361  exit                           
000013a9  copy_in                        
000013f5  _args_main                     
0000140d  _register_unlock               
00001413  _register_lock                 
0000141b  _nop                           
00001421  __TI_decompress_none           
0000142f  __TI_zero_init                 
0000143b  ResetISR                       
00001447  _system_pre_init               
0000144b  __mpu_init                     
0000144d  _system_post_cinit             
0000146c  __TI_Handler_Table_Base        
00001478  __TI_Handler_Table_Limit       
00001480  __TI_CINIT_Base                
00001490  __TI_CINIT_Limit               
00002800  __SYSMEM_SIZE                  
20000000  _sys_memory                    
20002800  __stack                        
20002a00  __STACK_END                    
20002a00  __STACK_TOP                    
20002ad8  __TI_cleanup_ptr               
20002adc  __TI_dtors_ptr                 
20002ae0  __TI_enable_exit_profile_output
20002af0  _lock                          
20002af4  _unlock                        
20002b08  main_func_sp                   
ffffffff  __TI_pprof_out_hndl            
ffffffff  __TI_prof_data_size            
ffffffff  __TI_prof_data_start           
ffffffff  __binit__                      
ffffffff  __c_args__                     
ffffffff  binit                          
UNDEFED   SHT$$INIT_ARRAY$$Base          
UNDEFED   SHT$$INIT_ARRAY$$Limit         

[105 symbols]
